// Jest Snapshot v1, https://goo.gl/fbAQLP

exports[`TableHeader should renders default 1`] = `
<styled.div>
  <styled.input
    onChange={[Function]}
    type="text"
    value="User"
  />
</styled.div>
`;
