// Jest Snapshot v1, https://goo.gl/fbAQLP

exports[`store should not error 1`] = `
Object {
  "extension": null,
  "extensions": Array [],
  "fields": Array [],
  "page": "workarea",
  "project": null,
  "recentProjects": Array [],
  "relations": Array [],
  "tables": Array [],
}
`;
