// Jest Snapshot v1, https://goo.gl/fbAQLP

exports[`ToolZoom should renders default 1`] = `
<styled.div>
  <Styled(Tooltip)
    text="Zoom"
  />
  <styled.select
    onChange={[Function]}
    value={25}
  >
    <option
      key="0"
      value={25}
    >
      25
      %
    </option>
    <option
      key="1"
      value={33}
    >
      33
      %
    </option>
    <option
      key="2"
      value={50}
    >
      50
      %
    </option>
    <option
      key="3"
      value={67}
    >
      67
      %
    </option>
    <option
      key="4"
      value={75}
    >
      75
      %
    </option>
    <option
      key="5"
      value={80}
    >
      80
      %
    </option>
    <option
      key="6"
      value={90}
    >
      90
      %
    </option>
    <option
      key="7"
      value={100}
    >
      100
      %
    </option>
    <option
      key="8"
      value={110}
    >
      110
      %
    </option>
    <option
      key="9"
      value={125}
    >
      125
      %
    </option>
    <option
      key="10"
      value={150}
    >
      150
      %
    </option>
    <option
      key="11"
      value={175}
    >
      175
      %
    </option>
    <option
      key="12"
      value={200}
    >
      200
      %
    </option>
  </styled.select>
</styled.div>
`;
